[earthing.truepower.co.in/bond-copper-electrodes/index.html]
[cdnjs.cloudflare.com/ajax/libs/font-awesome/5.11.2/css/all.css]
[backblue.gif]
[fade.gif]
[index.html]
[unpkg.com/aos@2.3.0/dist/aos.css]
[earthing.truepower.co.in/wp-includes/js/jquery/jquery4a5f.js]
[earthing.truepower.co.in/wp-includes/js/jquery/jquery-migrate.min330a.js]
[earthing.truepower.co.in/wp-content/themes/twentytwenty/assets/js/index8a54.js]
[earthing.truepower.co.in/wp-content/themes/twenty-twenty-child/img/logo.png]
[earthing.truepower.co.in/wp-content/themes/twenty-twenty-child/img/products/Bond-Copper-Electrode-01.png]
[earthing.truepower.co.in/wp-content/themes/twenty-twenty-child/img/certification-1.png]
[earthing.truepower.co.in/wp-content/themes/twenty-twenty-child/img/certification-2.png]
[earthing.truepower.co.in/wp-content/themes/twenty-twenty-child/img/certification-3.png]
[earthing.truepower.co.in/wp-content/themes/twenty-twenty-child/img/certification-4.png]
[earthing.truepower.co.in/wp-content/themes/twenty-twenty-child/img/certification-5.png]
[truepower.co.in/wp-content/uploads/2020/08/WhatsApp-Image-2020-08-19-at-13.57.57.jpg]
[earthing.truepower.co.in/wp-content/plugins/contact-form-7/includes/js/scriptsb62d.js]
[earthing.truepower.co.in/wp-content/plugins/wpcf7-redirect/js/wpcf7-redirect-script.js]
[earthing.truepower.co.in/wp-includes/js/jquery/ui/core.mine899.js]
[earthing.truepower.co.in/wp-includes/js/jquery/ui/position.mine899.js]
[earthing.truepower.co.in/wp-content/uploads/pum/pum-site-scriptsbd90.js]
[earthing.truepower.co.in/wp-includes/js/underscore.min4511.js]
[earthing.truepower.co.in/wp-includes/js/wp-util.min7661.js]
[earthing.truepower.co.in/wp-includes/js/backbone.min2fca.js]
[earthing.truepower.co.in/wp-includes/js/mediaelement/mediaelement-and-player.minc270.js]
[earthing.truepower.co.in/wp-includes/js/mediaelement/mediaelement-migrate.min7661.js]
[earthing.truepower.co.in/wp-includes/js/mediaelement/wp-playlist.min7661.js]
[earthing.truepower.co.in/wp-includes/js/mediaelement/wp-mediaelement.min7661.js]
[earthing.truepower.co.in/wp-includes/js/mediaelement/renderers/vimeo.minc270.js]
[earthing.truepower.co.in/wp-content/themes/twenty-twenty-child/js/jquery-min4e44.js]
[earthing.truepower.co.in/wp-content/themes/twenty-twenty-child/js/bootstrap.min4963.js]
[earthing.truepower.co.in/wp-content/themes/twenty-twenty-child/js/owl.carousel.minad05.js]
[earthing.truepower.co.in/wp-content/themes/twenty-twenty-child/js/jquery.easing.min62ea.js]
[earthing.truepower.co.in/wp-includes/js/wp-embed.min7661.js]
[img1.wsimg.com/tcc/tcc_l.combined.1.0.6.min.js]
[earthing.truepower.co.in/bond-copper-electrodes/index.html]
[cdnjs.cloudflare.com/ajax/libs/font-awesome/5.11.2/css/all.css]
[unpkg.com/aos@2.3.0/dist/aos.js]
[unpkg.com/aos@2.3.0/dist/aos.css]
[earthing.truepower.co.in/wp-includes/css/dist/block-library/style.min7661.css]
[earthing.truepower.co.in/wp-content/plugins/contact-form-7/images/ajax-loader.gif]
[earthing.truepower.co.in/wp-content/plugins/contact-form-7/includes/css/stylesb62d.css]
[earthing.truepower.co.in/wp-content/themes/twenty-twenty-child/images/voltage.png]
[earthing.truepower.co.in/wp-content/themes/twenty-twenty-child/style8a54.css]
[earthing.truepower.co.in/wp-content/themes/twentytwenty/print8a54.css]
[earthing.truepower.co.in/wp-content/uploads/pum/pum-site-styles621b.css]
[earthing.truepower.co.in/wp-includes/js/mediaelement/mediaelementplayer-legacy.minc270.css]
[earthing.truepower.co.in/wp-includes/js/mediaelement/wp-mediaelement.min7661.css]
[earthing.truepower.co.in/wp-content/themes/twenty-twenty-child/css/bootstrap.minf24c.css]
[earthing.truepower.co.in/wp-content/themes/twenty-twenty-child/css/owl.video.play.png]
[earthing.truepower.co.in/wp-content/themes/twenty-twenty-child/css/owl.carousel.min7ef2.css]
[earthing.truepower.co.in/wp-content/themes/twenty-twenty-child/css/owl.themead05.css]
[earthing.truepower.co.in/wp-content/themes/twenty-twenty-child/img/cover-for-web-ok.jpg]
[earthing.truepower.co.in/wp-content/themes/twenty-twenty-child/img/slider-bg.png]
[earthing.truepower.co.in/wp-content/themes/twenty-twenty-child/img/background-texture.png]
[earthing.truepower.co.in/wp-content/themes/twenty-twenty-child/img/background-texture1.png]
[earthing.truepower.co.in/wp-content/themes/twenty-twenty-child/img/after_bg.png]
[earthing.truepower.co.in/wp-content/themes/twenty-twenty-child/img/li-bg.png]
[earthing.truepower.co.in/wp-content/themes/twenty-twenty-child/img/inner-banner.jpg]
[earthing.truepower.co.in/wp-content/themes/twenty-twenty-child/css/style62ea.css]
[earthing.truepower.co.in/wp-content/plugins/easy-media-gallery/css/images/link_post_icon.png]
[earthing.truepower.co.in/wp-content/plugins/easy-media-gallery/css/images/mag.png]
[earthing.truepower.co.in/wp-content/plugins/easy-media-gallery/css/images/badges/Blue.png]
[earthing.truepower.co.in/wp-content/plugins/easy-media-gallery/css/images/badges/Red.png]
[earthing.truepower.co.in/wp-content/plugins/easy-media-gallery/css/frontend7661.css]
[earthing.truepower.co.in/wp-content/plugins/easy-media-gallery/css/images/80.png]
[earthing.truepower.co.in/wp-content/plugins/easy-media-gallery/css/images/loading-light.gif]
[earthing.truepower.co.in/wp-content/plugins/easy-media-gallery/css/images/close.png]
[earthing.truepower.co.in/wp-content/plugins/easy-media-gallery/css/images/arrow_right.png]
[earthing.truepower.co.in/wp-content/plugins/easy-media-gallery/css/images/arrow_left.png]
[earthing.truepower.co.in/wp-content/plugins/easy-media-gallery/css/images/sprite_sosmed.png]
[earthing.truepower.co.in/wp-content/plugins/easy-media-gallery/css/styles/mediabox/Light.css]
[img1.wsimg.com/tcc/tcc_l.combined.1.0.6.min.js]
[earthing.truepower.co.in/wp-includes/js/mediaelement/mejs-controls.svg]
[earthing.truepower.co.in/wp-content/themes/twenty-twenty-child/css/owl.video.play.html]
[earthing.truepower.co.in/wp-content/plugins/easy-media-gallery/css/images/badges/Blue.html]
